
Time: 16/1/2026, 11:27:37 am
Platform: win32
CPU Cores: 8
Total Memory: 16205.99 MB
Free Memory: 7991.41 MB
-----------------------------

Time: 16/1/2026, 11:27:42 am
Platform: win32
CPU Cores: 8
Total Memory: 16205.99 MB
Free Memory: 7989.43 MB
-----------------------------

Time: 16/1/2026, 11:27:47 am
Platform: win32
CPU Cores: 8
Total Memory: 16205.99 MB
Free Memory: 8057.95 MB
-----------------------------

Time: 16/1/2026, 11:27:52 am
Platform: win32
CPU Cores: 8
Total Memory: 16205.99 MB
Free Memory: 8018.54 MB
-----------------------------
